[    0.000000] Initializing cgroup subsys cpuset
[    0.000000] Initializing cgroup subsys cpu
[    0.000000] Initializing cgroup subsys cpuacct
[    0.000000] Linux version 4.4.0-210-generic (buildd@lgw01-amd64-009) (gcc version 5.4.0 20160609 (Ubuntu 5.4.0-6ubuntu1~16.04.12) ) #242-Ubuntu SMP Fri Apr 16 09:57:56 UTC 2021 (Ubuntu 4.4.0-210.242-generic 4.4.262)
[    0.000000] Command line: BOOT_IMAGE=/boot/vmlinuz-4.4.0-210-generic root=LABEL=cloudimg-rootfs ro console=tty1 console=ttyS0
[    0.000000] KERNEL supported cpus:
[    0.000000]   Intel GenuineIntel
[    0.000000]   AMD AuthenticAMD
[    0.000000]   Centaur CentaurHauls
[    0.000000] x86/fpu: xstate_offset[2]:  576, xstate_sizes[2]:  256
[    0.000000] x86/fpu: Supporting XSAVE feature 0x01: 'x87 floating point registers'
[    0.000000] x86/fpu: Supporting XSAVE feature 0x02: 'SSE registers'
[    0.000000] x86/fpu: Supporting XSAVE feature 0x04: 'AVX registers'
[    0.000000] x86/fpu: Enabled xstate features 0x7, context size is 832 bytes, using 'standard' format.
[    0.000000] e820: BIOS-provided physical RAM map:
[    0.000000] BIOS-e820: [mem 0x0000000000000000-0x000000000009fbff] usable
[    0.000000] BIOS-e820: [mem 0x000000000009fc00-0x000000000009ffff] reserved
[    0.000000] BIOS-e820: [mem 0x00000000000f0000-0x00000000000fffff] reserved
[    0.000000] BIOS-e820: [mem 0x0000000000100000-0x000000007ffeffff] usable
[    0.000000] BIOS-e820: [mem 0x000000007fff0000-0x000000007fffffff] ACPI data
[    0.000000] BIOS-e820: [mem 0x00000000fec00000-0x00000000fec00fff] reserved
[    0.000000] BIOS-e820: [mem 0x00000000fee00000-0x00000000fee00fff] reserved
[    0.000000] BIOS-e820: [mem 0x00000000fffc0000-0x00000000ffffffff] reserved
[    0.000000] NX (Execute Disable) protection: active
[    0.000000] SMBIOS 2.5 present.
[    0.000000] Hypervisor detected: KVM
[    0.000000] e820: last_pfn = 0x7fff0 max_arch_pfn = 0x400000000
[    0.000000] MTRR: Disabled
[    0.000000] x86/PAT: MTRRs disabled, skipping PAT initialization too.
[    0.000000] CPU MTRRs all blank - virtualized system.
[    0.000000] x86/PAT: Configuration [0-7]: WB  WT  UC- UC  WB  WT  UC- UC  
[    0.000000] found SMP MP-table at [mem 0x0009fff0-0x0009ffff] mapped at [ffff88000009fff0]
[    0.000000] Scanning 1 areas for low memory corruption
[    0.000000] RAMDISK: [mem 0x362dc000-0x37165fff]
[    0.000000] ACPI: Early table checksum verification disabled
[    0.000000] ACPI: RSDP 0x00000000000E0000 000024 (v02 VBOX  )
[    0.000000] ACPI: XSDT 0x000000007FFF0030 00003C (v01 VBOX   VBOXXSDT 00000001 ASL  00000061)
[    0.000000] ACPI: FACP 0x000000007FFF00F0 0000F4 (v04 VBOX   VBOXFACP 00000001 ASL  00000061)
[    0.000000] ACPI: DSDT 0x000000007FFF0610 002353 (v02 VBOX   VBOXBIOS 00000002 INTL 20100528)
[    0.000000] ACPI: FACS 0x000000007FFF0200 000040
[    0.000000] ACPI: FACS 0x000000007FFF0200 000040
[    0.000000] ACPI: APIC 0x000000007FFF0240 00005C (v02 VBOX   VBOXAPIC 00000001 ASL  00000061)
[    0.000000] ACPI: SSDT 0x000000007FFF02A0 00036C (v01 VBOX   VBOXCPUT 00000002 INTL 20100528)
[    0.000000] No NUMA configuration found
[    0.000000] Faking a node at [mem 0x0000000000000000-0x000000007ffeffff]
[    0.000000] NODE_DATA(0) allocated [mem 0x7ffeb000-0x7ffeffff]
[    0.000000] kvm-clock: Using msrs 4b564d01 and 4b564d00
[    0.000000] kvm-clock: cpu 0, msr 0:7ffe3001, primary cpu clock
[    0.000000] kvm-clock: using sched offset of 3594980548 cycles
[    0.000000] clocksource: kvm-clock: mask: 0xffffffffffffffff max_cycles: 0x1cd42e4dffb, max_idle_ns: 881590591483 ns
[    0.000000] Zone ranges:
[    0.000000]   DMA      [mem 0x0000000000001000-0x0000000000ffffff]
[    0.000000]   DMA32    [mem 0x0000000001000000-0x000000007ffeffff]
[    0.000000]   Normal   empty
[    0.000000]   Device   empty
[    0.000000] Movable zone start for each node
[    0.000000] Early memory node ranges
[    0.000000]   node   0: [mem 0x0000000000001000-0x000000000009efff]
[    0.000000]   node   0: [mem 0x0000000000100000-0x000000007ffeffff]
[    0.000000] Initmem setup node 0 [mem 0x0000000000001000-0x000000007ffeffff]
[    0.000000] ACPI: PM-Timer IO Port: 0x4008
[    0.000000] IOAPIC[0]: apic_id 2, version 32, address 0xfec00000, GSI 0-23
[    0.000000] ACPI: INT_SRC_OVR (bus 0 bus_irq 0 global_irq 2 dfl dfl)
[    0.000000] ACPI: INT_SRC_OVR (bus 0 bus_irq 9 global_irq 9 low level)
[    0.000000] Using ACPI (MADT) for SMP configuration information
[    0.000000] smpboot: Allowing 2 CPUs, 0 hotplug CPUs
[    0.000000] PM: Registered nosave memory: [mem 0x00000000-0x00000fff]
[    0.000000] PM: Registered nosave memory: [mem 0x0009f000-0x0009ffff]
[    0.000000] PM: Registered nosave memory: [mem 0x000a0000-0x000effff]
[    0.000000] PM: Registered nosave memory: [mem 0x000f0000-0x000fffff]
[    0.000000] e820: [mem 0x80000000-0xfebfffff] available for PCI devices
[    0.000000] Booting paravirtualized kernel on KVM
[    0.000000] clocksource: refined-jiffies: mask: 0xffffffff max_cycles: 0xffffffff, max_idle_ns: 7645519600211568 ns
[    0.000000] setup_percpu: NR_CPUS:512 nr_cpumask_bits:512 nr_cpu_ids:2 nr_node_ids:1
[    0.000000] PERCPU: Embedded 33 pages/cpu @ffff88007fc00000 s95192 r8192 d31784 u1048576
[    0.000000] Built 1 zonelists in Node order, mobility grouping on.  Total pages: 515960
[    0.000000] Policy zone: DMA32
[    0.000000] Kernel command line: BOOT_IMAGE=/boot/vmlinuz-4.4.0-210-generic root=LABEL=cloudimg-rootfs ro console=tty1 console=ttyS0
[    0.000000] PID hash table entries: 4096 (order: 3, 32768 bytes)
[    0.000000] Memory: 2029984K/2096696K available (8644K kernel code, 1332K rwdata, 4044K rodata, 1492K init, 1164K bss, 66712K reserved, 0K cma-reserved)
[    0.000000] SLUB: HWalign=64, Order=0-3, MinObjects=0, CPUs=2, Nodes=1
[    0.000000] Kernel/User page tables isolation: enabled
[    0.000000] Hierarchical RCU implementation.
[    0.000000] 	Build-time adjustment of leaf fanout to 64.
[    0.000000] 	RCU restricting CPUs from NR_CPUS=512 to nr_cpu_ids=2.
[    0.000000] RCU: Adjusting geometry for rcu_fanout_leaf=64, nr_cpu_ids=2
[    0.000000] NR_IRQS:33024 nr_irqs:440 16
[    0.000000] Console: colour VGA+ 80x25
[    0.000000] console [tty1] enabled
[    0.000000] console [ttyS0] enabled
[    0.000000] tsc: Detected 3591.688 MHz processor
[    0.291792] Calibrating delay loop (skipped) preset value.. 7183.37 BogoMIPS (lpj=14366752)
[    0.294506] pid_max: default: 32768 minimum: 301
[    0.296011] ACPI: Core revision 20150930
[    0.301182] ACPI: 2 ACPI AML tables successfully acquired and loaded
[    0.303389] Security Framework initialized
[    0.304707] Yama: becoming mindful.
[    0.305897] AppArmor: AppArmor initialized
[    0.310598] Dentry cache hash table entries: 262144 (order: 9, 2097152 bytes)
[    0.313922] Inode-cache hash table entries: 131072 (order: 8, 1048576 bytes)
[    0.319493] Mount-cache hash table entries: 4096 (order: 3, 32768 bytes)
[    0.321432] Mountpoint-cache hash table entries: 4096 (order: 3, 32768 bytes)
[    0.323719] Initializing cgroup subsys io
[    0.325139] Initializing cgroup subsys memory
[    0.326513] Initializing cgroup subsys devices
[    0.328028] Initializing cgroup subsys freezer
[    0.329414] Initializing cgroup subsys net_cls
[    0.330862] Initializing cgroup subsys perf_event
[    0.332326] Initializing cgroup subsys net_prio
[    0.333786] Initializing cgroup subsys hugetlb
[    0.335171] Initializing cgroup subsys pids
[    0.337388] mce: CPU supports 0 MCE banks
[    0.338812] Last level iTLB entries: 4KB 1024, 2MB 1024, 4MB 1024
[    0.340568] Last level dTLB entries: 4KB 1024, 2MB 1024, 4MB 1024, 1GB 4
[    0.342475] Spectre V1 : Mitigation: usercopy/swapgs barriers and __user pointer sanitization
[    0.345112] Spectre V2 : Mitigation: Full generic retpoline
[    0.346824] Spectre V2 : Spectre v2 / SpectreRSB mitigation: Filling RSB on context switch
[    0.349533] Speculative Store Bypass: Vulnerable
[    0.351024] SRBDS: Unknown: Dependent on hypervisor status
[    0.352845] MDS: Mitigation: Clear CPU buffers
[    0.358387] Freeing SMP alternatives memory: 36K
[    0.368122] ftrace: allocating 32380 entries in 127 pages
[    0.455290] smpboot: APIC(0) Converting physical 0 to logical package 0
[    0.457464] smpboot: Max logical packages: 1
[    0.459631] x2apic enabled
[    0.461287] Switched APIC routing to physical x2apic.
[    0.465166] ..TIMER: vector=0x30 apic1=0 pin1=2 apic2=-1 pin2=-1
[    0.575208] smpboot: CPU0: Intel(R) Core(TM) i7-4790 CPU @ 3.60GHz (family: 0x6, model: 0x3c, stepping: 0x3)
[    0.579037] Performance Events: unsupported p6 CPU model 60 no PMU driver, software events only.
[    0.596335] KVM setup paravirtual spinlock
[    0.602034] x86: Booting SMP configuration:
[    0.603711] .... node  #0, CPUs:      #1
[    0.605355] kvm-clock: cpu 1, msr 0:7ffe3041, secondary cpu clock
[    0.607655] mce: CPU supports 0 MCE banks
[    0.610732] x86: Booted up 1 node, 2 CPUs
[    0.613101] smpboot: Total of 2 processors activated (14366.75 BogoMIPS)
[    0.616144] devtmpfs: initialized
[    0.627506] evm: security.selinux
[    0.628751] evm: security.SMACK64
[    0.629961] evm: security.SMACK64EXEC
[    0.631252] evm: security.SMACK64TRANSMUTE
[    0.632768] evm: security.SMACK64MMAP
[    0.634028] evm: security.ima
[    0.635133] evm: security.capability
[    0.636650] clocksource: jiffies: mask: 0xffffffff max_cycles: 0xffffffff, max_idle_ns: 7645041785100000 ns
[    0.639604] futex hash table entries: 512 (order: 3, 32768 bytes)
[    0.641529] pinctrl core: initialized pinctrl subsystem
[    0.643338] RTC time: 15:59:07, date: 02/05/23
[    0.644921] NET: Registered protocol family 16
[    0.656802] cpuidle: using governor ladder
[    0.668554] cpuidle: using governor menu
[    0.669980] PCCT header not found.
[    0.671316] ACPI: bus type PCI registered
[    0.672787] acpiphp: ACPI Hot Plug PCI Controller Driver version: 0.5
[    0.674994] PCI: Using configuration type 1 for base access
[    0.689857] ACPI: Added _OSI(Module Device)
[    0.691355] ACPI: Added _OSI(Processor Device)
[    0.693005] ACPI: Added _OSI(3.0 _SCP Extensions)
[    0.694619] ACPI: Added _OSI(Processor Aggregator Device)
[    0.698029] ACPI: Executed 1 blocks of module-level executable AML code
[    0.705041] ACPI: Interpreter enabled
[    0.706363] ACPI: (supports S0 S5)
[    0.707701] ACPI: Using IOAPIC for interrupt routing
[    0.709689] PCI: Using host bridge windows from ACPI; if necessary, use "pci=nocrs" and report a bug
[    0.720494] ACPI: PCI Root Bridge [PCI0] (domain 0000 [bus 00-ff])
[    0.722558] acpi PNP0A03:00: _OSC: OS supports [ASPM ClockPM Segments MSI]
[    0.725463] acpi PNP0A03:00: _OSC: not requesting OS control; OS requires [ExtendedConfig ASPM ClockPM MSI]
[    0.728695] acpi PNP0A03:00: fail to add MMCONFIG information, can't access extended PCI configuration space under this bridge.
[    0.732701] PCI host bridge to bus 0000:00
[    0.734177] pci_bus 0000:00: root bus resource [io  0x0000-0x0cf7 window]
[    0.736344] pci_bus 0000:00: root bus resource [io  0x0d00-0xffff window]
[    0.738352] pci_bus 0000:00: root bus resource [mem 0x000a0000-0x000bffff window]
[    0.741113] pci_bus 0000:00: root bus resource [mem 0x80000000-0xfdffffff window]
[    0.743718] pci_bus 0000:00: root bus resource [bus 00-ff]
[    0.747822] pci 0000:00:01.1: legacy IDE quirk: reg 0x10: [io  0x01f0-0x01f7]
[    0.749988] pci 0000:00:01.1: legacy IDE quirk: reg 0x14: [io  0x03f6]
[    0.751951] pci 0000:00:01.1: legacy IDE quirk: reg 0x18: [io  0x0170-0x0177]
[    0.774179] pci 0000:00:01.1: legacy IDE quirk: reg 0x1c: [io  0x0376]
[    0.802810] pci 0000:00:07.0: quirk: [io  0x4000-0x403f] claimed by PIIX4 ACPI
[    0.805486] pci 0000:00:07.0: quirk: [io  0x4100-0x410f] claimed by PIIX4 SMB
[    0.826203] ACPI: PCI Interrupt Link [LNKA] (IRQs 5 9 10 *11)
[    0.829064] ACPI: PCI Interrupt Link [LNKB] (IRQs 5 9 *10 11)
[    0.831561] ACPI: PCI Interrupt Link [LNKC] (IRQs 5 *9 10 11)
[    0.834106] ACPI: PCI Interrupt Link [LNKD] (IRQs 5 9 10 *11)
[    0.836839] ACPI: Enabled 2 GPEs in block 00 to 07
[    0.839168] vgaarb: setting as boot device: PCI:0000:00:02.0
[    0.841354] vgaarb: device added: PCI:0000:00:02.0,decodes=io+mem,owns=io+mem,locks=none
[    0.844190] vgaarb: loaded
[    0.845295] vgaarb: bridge control possible 0000:00:02.0
[    0.847389] SCSI subsystem initialized
[    0.848786] ACPI: bus type USB registered
[    0.850156] usbcore: registered new interface driver usbfs
[    0.851809] usbcore: registered new interface driver hub
[    0.853609] usbcore: registered new device driver usb
[    0.855871] PCI: Using ACPI for IRQ routing
[    0.857724] NetLabel: Initializing
[    0.858939] NetLabel:  domain hash size = 128
[    0.860714] NetLabel:  protocols = UNLABELED CIPSOv4
[    0.862437] NetLabel:  unlabeled traffic allowed by default
[    0.864281] amd_nb: Cannot enumerate AMD northbridges
[    0.865996] clocksource: Switched to clocksource kvm-clock
[    0.888165] AppArmor: AppArmor Filesystem Enabled
[    0.889962] pnp: PnP ACPI init
[    0.892779] pnp: PnP ACPI: found 3 devices
[    0.905775] clocksource: acpi_pm: mask: 0xffffff max_cycles: 0xffffff, max_idle_ns: 2085701024 ns
[    0.909091] NET: Registered protocol family 2
[    0.911572] TCP established hash table entries: 16384 (order: 5, 131072 bytes)
[    0.915137] TCP bind hash table entries: 16384 (order: 6, 262144 bytes)
[    0.917651] TCP: Hash tables configured (established 16384 bind 16384)
[    0.919845] UDP hash table entries: 1024 (order: 3, 32768 bytes)
[    0.921840] UDP-Lite hash table entries: 1024 (order: 3, 32768 bytes)
[    0.923947] NET: Registered protocol family 1
[    0.925658] pci 0000:00:00.0: Limiting direct PCI/PCI transfers
[    0.927803] pci 0000:00:01.0: Activating ISA DMA hang workarounds
[    0.930200] Unpacking initramfs...
[    1.358075] Freeing initrd memory: 14888K
[    1.359689] RAPL PMU detected, API unit is 2^-32 Joules, 4 fixed counters 10737418240 ms ovfl timer
[    1.362748] hw unit of domain pp0-core 2^-0 Joules
[    1.364310] hw unit of domain package 2^-0 Joules
[    1.365917] hw unit of domain dram 2^-0 Joules
[    1.367532] hw unit of domain pp1-gpu 2^-0 Joules
[    1.369092] clocksource: tsc: mask: 0xffffffffffffffff max_cycles: 0x33c5a73f96b, max_idle_ns: 440795303379 ns
[    1.372463] platform rtc_cmos: registered platform RTC device (no PNP device found)
[    1.375325] Scanning for low memory corruption every 60 seconds
[    1.377596] audit: initializing netlink subsys (disabled)
[    1.379431] audit: type=2000 audit(1675612753.353:1): initialized
[    1.381742] Initialise system trusted keyring
[    1.383457] HugeTLB registered 2 MB page size, pre-allocated 0 pages
[    1.388157] zbud: loaded
[    1.389505] VFS: Disk quotas dquot_6.6.0
[    1.390992] VFS: Dquot-cache hash table entries: 512 (order 0, 4096 bytes)
[    1.393479] squashfs: version 4.0 (2009/01/31) Phillip Lougher
[    1.395983] fuse init (API version 7.23)
[    1.397568] Key type big_key registered
[    1.399091] Allocating IMA MOK and blacklist keyrings.
[    1.402055] Key type asymmetric registered
[    1.403380] Asymmetric key parser 'x509' registered
[    1.404943] Block layer SCSI generic (bsg) driver version 0.4 loaded (major 249)
[    1.407493] io scheduler noop registered
[    1.408779] io scheduler deadline registered (default)
[    1.410378] io scheduler cfq registered
[    1.411984] pci_hotplug: PCI Hot Plug PCI Core version: 0.5
[    1.413643] pciehp: PCI Express Hot Plug Controller Driver version: 0.4
[    1.415752] ACPI: AC Adapter [AC] (on-line)
[    1.417194] input: Power Button as /devices/LNXSYSTM:00/LNXPWRBN:00/input/input0
[    1.419705] ACPI: Power Button [PWRF]
[    1.421176] input: Sleep Button as /devices/LNXSYSTM:00/LNXSLPBN:00/input/input1
[    1.423843] ACPI: Sleep Button [SLPF]
[    1.425295] GHES: HEST is not enabled!
[    1.426809] Serial: 8250/16550 driver, 32 ports, IRQ sharing enabled
[    1.449574] 00:02: ttyS0 at I/O 0x3f8 (irq = 4, base_baud = 115200) is a 16550A
[    1.455885] Linux agpgart interface v0.103
[    1.463332] loop: module loaded
[    1.465419] scsi host0: ata_piix
[    1.466967] scsi host1: ata_piix
[    1.468392] ata1: PATA max UDMA/33 cmd 0x1f0 ctl 0x3f6 bmdma 0xd000 irq 14
[    1.470597] ata2: PATA max UDMA/33 cmd 0x170 ctl 0x376 bmdma 0xd008 irq 15
[    1.473011] libphy: Fixed MDIO Bus: probed
[    1.474502] tun: Universal TUN/TAP device driver, 1.6
[    1.476165] tun: (C) 1999-2004 Max Krasnyansky <maxk@qualcomm.com>
[    1.478297] PPP generic driver version 2.4.2
[    1.479964] ehci_hcd: USB 2.0 'Enhanced' Host Controller (EHCI) Driver
[    1.481940] ehci-pci: EHCI PCI platform driver
[    1.483522] ehci-platform: EHCI generic platform driver
[    1.485252] ohci_hcd: USB 1.1 'Open' Host Controller (OHCI) Driver
[    1.487288] ohci-pci: OHCI PCI platform driver
[    1.489104] ohci-platform: OHCI generic platform driver
[    1.490854] uhci_hcd: USB Universal Host Controller Interface driver
[    1.492880] i8042: PNP: PS/2 Controller [PNP0303:PS2K,PNP0f03:PS2M] at 0x60,0x64 irq 1,12
[    1.496339] serio: i8042 KBD port at 0x60,0x64 irq 1
[    1.497968] serio: i8042 AUX port at 0x60,0x64 irq 12
[    1.499879] mousedev: PS/2 mouse device common for all mice
[    1.502182] input: AT Translated Set 2 keyboard as /devices/platform/i8042/serio0/input/input2
[    1.505808] rtc_cmos rtc_cmos: rtc core: registered rtc_cmos as rtc0
[    1.507944] rtc_cmos rtc_cmos: alarms up to one day, 114 bytes nvram
[    1.509906] i2c /dev entries driver
[    1.511385] device-mapper: uevent: version 1.0.3
[    1.513132] device-mapper: ioctl: 4.34.0-ioctl (2015-10-28) initialised: dm-devel@redhat.com
[    1.515989] ledtrig-cpu: registered to indicate activity on CPUs
[    1.518371] NET: Registered protocol family 10
[    1.520197] NET: Registered protocol family 17
[    1.521773] Key type dns_resolver registered
[    1.523826] registered taskstats version 1
[    1.525370] Loading compiled-in X.509 certificates
[    1.527871] Loaded X.509 cert 'Build time autogenerated kernel key: cf00e047681d67edb2720680708b7d9498083038'
[    1.531124] zswap: loaded using pool lzo/zbud
[    1.534806] Key type trusted registered
[    1.540177] Key type encrypted registered
[    1.541566] AppArmor: AppArmor sha1 policy hashing enabled
[    1.543379] ima: No TPM chip found, activating TPM-bypass!
[    1.545147] ima: Allocated hash algorithm: sha1
[    1.546749] evm: HMAC attrs: 0x1
[    1.548399]   Magic number: 11:383:992
[    1.549853] rtc_cmos rtc_cmos: setting system clock to 2023-02-05 15:59:08 UTC (1675612748)
[    1.552863] BIOS EDD facility v0.16 2004-Jun-25, 0 devices found
[    1.554797] EDD information not available.
[    1.658021] Freeing unused kernel memory: 1492K
[    1.659843] Write protecting the kernel read-only data: 14336k
[    1.663147] Freeing unused kernel memory: 1584K
[    1.665618] Freeing unused kernel memory: 52K
Loading, please wait...
starting version 229
[    1.684215] random: systemd-udevd: uninitialized urandom read (16 bytes read, 2 bits of entropy available)
[    1.685230] random: udevadm: uninitialized urandom read (16 bytes read, 2 bits of entropy available)
[    1.685253] random: udevadm: uninitialized urandom read (16 bytes read, 2 bits of entropy available)
[    1.694083] random: systemd-udevd: uninitialized urandom read (16 bytes read, 2 bits of entropy available)
[    1.697366] random: systemd-udevd: uninitialized urandom read (16 bytes read, 2 bits of entropy available)
[    1.700700] random: systemd-udevd: uninitialized urandom read (16 bytes read, 2 bits of entropy available)
[    1.700777] random: udevadm: uninitialized urandom read (16 bytes read, 2 bits of entropy available)
[    1.700841] random: udevadm: uninitialized urandom read (16 bytes read, 2 bits of entropy available)
[    1.701073] random: udevadm: uninitialized urandom read (16 bytes read, 2 bits of entropy available)
[    1.701154] random: udevadm: uninitialized urandom read (16 bytes read, 2 bits of entropy available)
[    1.781099] Fusion MPT base driver 3.04.20
[    1.782696] Copyright (c) 1999-2008 LSI Corporation
[    1.792645] e1000: Intel(R) PRO/1000 Network Driver - version 7.3.21-k8-NAPI
[    1.794853] e1000: Copyright (c) 1999-2006 Intel Corporation.
[    1.810828] AVX2 version of gcm_enc/dec engaged.
[    1.810830] Fusion MPT SPI Host driver 3.04.20
[    1.814193] AES CTR mode by8 optimization enabled
[    2.023537] input: ImExPS/2 Generic Explorer Mouse as /devices/platform/i8042/serio1/input/input4
[    2.218730] e1000 0000:00:03.0 eth0: (PCI:33MHz:32-bit) 02:be:82:6b:cc:1d
[    2.220929] e1000 0000:00:03.0 eth0: Intel(R) PRO/1000 Network Connection
[    2.224295] mptbase: ioc0: Initiating bringup
[    2.304115] ioc0: LSI53C1030 A0: Capabilities={Initiator}
[    2.492046] scsi host2: ioc0: LSI53C1030 A0, FwRev=00000000h, Ports=1, MaxQ=256, IRQ=20
[    2.618591] scsi 2:0:0:0: Direct-Access     VBOX     HARDDISK         1.0  PQ: 0 ANSI: 5
[    2.621937] scsi target2:0:0: Beginning Domain Validation
[    2.625221] scsi target2:0:0: Domain Validation skipping write tests
[    2.627264] scsi target2:0:0: Ending Domain Validation
[    2.629098] scsi target2:0:0: asynchronous
[    2.654163] scsi 2:0:1:0: Direct-Access     VBOX     HARDDISK         1.0  PQ: 0 ANSI: 5
[    2.657184] scsi target2:0:1: Beginning Domain Validation
[    2.660743] scsi target2:0:1: Domain Validation skipping write tests
[    2.662947] scsi target2:0:1: Ending Domain Validation
[    2.664791] scsi target2:0:1: asynchronous
[    2.684140] sd 2:0:0:0: Attached scsi generic sg0 type 0
[    2.686484] sd 2:0:0:0: [sda] 83886080 512-byte logical blocks: (42.9 GB/40.0 GiB)
[    2.691080] sd 2:0:1:0: [sdb] 20480 512-byte logical blocks: (10.5 MB/10.0 MiB)
[    2.694802] sd 2:0:1:0: Attached scsi generic sg1 type 0
[    2.697464] sd 2:0:0:0: [sda] Write Protect is off
[    2.699442] sd 2:0:1:0: [sdb] Write Protect is off
[    2.701876] sd 2:0:1:0: [sdb] Incomplete mode parameter data
[    2.704155] sd 2:0:1:0: [sdb] Assuming drive cache: write through
[    2.706445] sd 2:0:0:0: [sda] Incomplete mode parameter data
[    2.708600] sd 2:0:0:0: [sda] Assuming drive cache: write through
[    2.715584]  sda: sda1
[    2.717774] sd 2:0:0:0: [sda] Attached SCSI disk
[    2.720620] sd 2:0:1:0: [sdb] Attached SCSI disk
[    3.215515] e1000 0000:00:08.0 eth1: (PCI:33MHz:32-bit) 08:00:27:36:35:c5
[    3.222302] e1000 0000:00:08.0 eth1: Intel(R) PRO/1000 Network Connection
[    3.231774] e1000 0000:00:03.0 enp0s3: renamed from eth0
[    3.246168] e1000 0000:00:08.0 enp0s8: renamed from eth1
Begin: Loading essential drivers ... [    4.952125] md: linear personality registered for level -1
[    4.956731] md: multipath personality registered for level -4
[    4.961288] md: raid0 personality registered for level 0
[    4.967607] md: raid1 personality registered for level 1
[    5.038071] raid6: sse2x1   gen()  3247 MB/s
[    5.106172] raid6: sse2x1   xor()  2109 MB/s
[    5.174080] raid6: sse2x2   gen()  5520 MB/s
[    5.242134] raid6: sse2x2   xor()  3669 MB/s
[    5.310078] raid6: sse2x4   gen()  7923 MB/s
[    5.378065] raid6: sse2x4   xor()  5035 MB/s
[    5.446108] raid6: avx2x1   gen()  6798 MB/s
[    5.514062] raid6: avx2x2   gen() 12074 MB/s
[    5.582047] raid6: avx2x4   gen() 16711 MB/s
[    5.583532] raid6: using algorithm avx2x4 gen() 16711 MB/s
[    5.585321] raid6: using avx2x2 recovery algorithm
[    5.589146] xor: automatically using best checksumming function:
[    5.630481]    avx       : 23714.000 MB/sec
[    5.633261] async_tx: api initialized (async)
[    5.645056] md: raid6 personality registered for level 6
[    5.646876] md: raid5 personality registered for level 5
[    5.648626] md: raid4 personality registered for level 4
[    5.658251] md: raid10 personality registered for level 10
done.
Begin: Running /scripts/init-premount ... done.
Begin: Mounting root file system ... Begin: Running /scripts/local-top ... done.
Begin: Running /scripts/local-premount ... [    5.704899] Btrfs loaded
Scanning for Btrfs filesystems
done.
Warning: fsck not present, so skipping root file system
[    5.736959] EXT4-fs (sda1): mounted filesystem with ordered data mode. Opts: (null)
done.
Begin: Running /scripts/local-bottom ... done.
Begin: Running /scripts/init-bottom ... done.
[    5.847063] systemd[1]: systemd 229 running in system mode. (+PAM +AUDIT +SELINUX +IMA +APPARMOR +SMACK +SYSVINIT +UTMP +LIBCRYPTSETUP +GCRYPT +GNUTLS +ACL +XZ -LZ4 +SECCOMP +BLKID +ELFUTILS +KMOD -IDN)
[    5.853391] systemd[1]: Detected virtualization oracle.
[    5.855332] systemd[1]: Detected architecture x86-64.

Welcome to [1mUbuntu 16.04.7 LTS[0m!

[    5.860407] systemd[1]: Set hostname to <ubuntu>.
[    5.864444] systemd[1]: Initializing machine ID from random generator.
[    5.866792] systemd[1]: Installed transient /etc/machine-id file.
[    6.007443] systemd[1]: Reached target Encrypted Volumes.
[[0;32m  OK  [0m] Reached target Encrypted Volumes.
[    6.010541] systemd[1]: Listening on udev Kernel Socket.
[[0;32m  OK  [0m] Listening on udev Kernel Socket.
[    6.013355] systemd[1]: Listening on LVM2 poll daemon socket.
[[0;32m  OK  [0m] Listening on LVM2 poll daemon socket.
[    6.016336] systemd[1]: Started Forward Password Requests to Wall Directory Watch.
[[0;32m  OK  [0m] Started Forward Password Requests to Wall Directory Watch.
[    6.020313] systemd[1]: Reached target System Time Synchronized.
[[0;32m  OK  [0m] Reached target System Time Synchronized.
[    6.023709] systemd[1]: Created slice User and Session Slice.
[[0;32m  OK  [0m] Created slice User and Session Slice.
[    6.026922] systemd[1]: Listening on Journal Audit Socket.
[[0;32m  OK  [0m] Listening on Journal Audit Socket.
[    6.029797] systemd[1]: Listening on udev Control Socket.
[[0;32m  OK  [0m] Listening on udev Control Socket.
[    6.032660] systemd[1]: Listening on Device-mapper event daemon FIFOs.
[[0;32m  OK  [0m] Listening on Device-mapper event daemon FIFOs.
[    6.035911] systemd[1]: Listening on Journal Socket.
[[0;32m  OK  [0m] Listening on Journal Socket.
[    6.039036] systemd[1]: Created slice System Slice.
[[0;32m  OK  [0m] Created slice System Slice.
[    6.054352] systemd[1]: Starting Load Kernel Modules...
         Starting Load Kernel Modules...
[    6.059114] systemd[1]: Starting Set console keymap...
         Starting Set console keymap...
[    6.063754] systemd[1]: Starting Nameserver information manager...
         Starting Nameserver information manager...
[    6.068576] systemd[1]: Created slice system-serial\x2dgetty.slice.
[[0;32m  OK  [0m] Created slice system-serial\x2dgetty.slice.
[    6.073583] systemd[1]: Mounting POSIX Message Queue File System...
[    6.075826] Loading iSCSI transport class v2.0-870.
         Mounting POSIX Message Queue File System...
[    6.077607] systemd[1]: Reached target Slices.
[[0;32m  OK  [0m] Reached target Slices.
[    6.084413] systemd[1]: Starting Uncomplicated firewall...
         Starting Uncomplicated firewall...
[    6.089015] systemd[1]: Listening on LVM2 metadata daemon socket.
[[0;32m  OK  [0m] Listening on LVM2 metadata daemon socket.
[    6.093046] systemd[1]: Starting Monitoring of LVM2 mirrors, snapshots etc. using dmeventd or progress polling...
         Starting Monitoring of LVM2 mirrors... dmeventd or progress polling...
[    6.097809] systemd[1]: Started Trigger resolvconf update for networkd DNS.
[[0;32m  OK  [0m] Started Trigger resolvconf update for networkd DNS.
[    6.102230] systemd[1]: Set up automount Arbitrary Executable File Formats File System Automount Point.
[[0;32m  OK  [0m] Set up automount Arbitrary Executab...ats File System Automount Point.
[    6.110469] systemd[1]: Mounting Huge Pages File System...
         Mounting Huge Pages File System...
[    6.115047] systemd[1]: Mounting Debug File System...
[    6.117419] iscsi: registered transport (tcp)
         Mounting Debug File System...
[    6.120510] systemd[1]: Listening on Journal Socket (/dev/log).
[[0;32m  OK  [0m] Listening on Journal Socket (/dev/log).
[    6.123660] systemd[1]: Reached target User and Group Name Lookups.
[[0;32m  OK  [0m] Reached target User and Group Name Lookups.
[    6.135300] systemd[1]: Starting Create list of required static device nodes for the current kernel...
         Starting Create list of required st... nodes for the current kernel...
[    6.140042] systemd[1]: Listening on /dev/initctl Compatibility Named Pipe.
[[0;32m  OK  [0m] Listening on /dev/initctl Compatibility Named Pipe.
[    6.147213] systemd[1]: Reached target Swap.
[[0;32m  OK  [0m] Reached target Swap.
[    6.150364] systemd[1]: Listening on Syslog Socket.
[[0;32m  OK  [0m] Listening on Syslog Socket.
[    6.170251] systemd[1]: Starting Journal Service...
         Starting Journal Service...
[    6.175338] systemd[1]: Listening on fsck to fsckd communication Socket.
[[0;32m  OK  [0m] Listening on fsck to fsckd communication Socket.
[    6.180438] systemd[1]: Starting File System Check on Root Device...
[    6.183252] iscsi: registered transport (iser)
         Starting File System Check on Root Device...
[    6.188588] systemd[1]: Mounted Huge Pages File System.
[[0;32m  OK  [[    6.190535] systemd[1]: Mounted POSIX Message Queue File System.
0m] Mounted Huge Pages File System.
[[0;32m  OK  [[    6.192815] systemd[1]: Mounted Debug File System.
0m] Mounted POSIX Message Queue File System.
[[0;32m  OK  [0m] Mounted Debug File System.
[    6.197541] systemd[1]: Started Load Kernel Modules.
[[0;32m  OK  [0m] Started Load Kernel Modules.
[    6.210533] systemd[1]: Started Uncomplicated firewall.
[[0;32m  OK  [0m] Started Uncomplicated firewall.
[    6.214590] systemd[1]: Started Create list of required static device nodes for the current kernel.
[[0;32m  OK  [0m] Started Create list of required sta...ce nodes for the current kernel.
[    6.221575] systemd[1]: Started Nameserver information manager.
[[0;32m  OK  [0m] Started Nameserver information manager.
[    6.230438] systemd[1]: Started Set console keymap.
[[0;32m  OK  [0m] Started Set console keymap.
[    6.234526] systemd[1]: Started File System Check on Root Device.
[[0;32m  OK  [0m] Started File System Check on Root Device.
[    6.241269] systemd[1]: Started File System Check Daemon to report status.
[[0;32m  OK  [0m] Started File System Check Daemon to report status.
[    6.247230] systemd[1]: Started LVM2 metadata daemon.
[[0;32m  OK  [0m] Started LVM2 metadata daemon.
[    6.251427] systemd[1]: Starting Remount Root and Kernel File Systems...
         Starting Remount Root and Kernel File Systems...
[    6.259592] systemd[1]: Starting Create Static Device Nodes in /dev...
         [    6.262001] EXT4-fs (sda1): re-mounted. Opts: (null)
Starting Create Static Device Nodes in /dev...
[    6.264802] systemd[1]: Mounting FUSE Control File System...
         Mounting FUSE Control File System...
[    6.268888] systemd[1]: Starting Apply Kernel Variables...
         Starting Apply Kernel Variables...
[    6.276208] systemd[1]: Mounted FUSE Control File System.
[[0;32m  OK  [0m] Mounted FUSE Control File System.
[    6.290420] systemd[1]: Started Journal Service.
[[0;32m  OK  [0m] Started Journal Service.
[[0;32m  OK  [0m] Started Remount Root and Kernel File Systems.
[[0;32m  OK  [0m] Started Create Static Device Nodes in /dev.
         Starting udev Kernel Device Manager...
         Starting udev Coldplug all Devices...
         Starting Load/Save Random Seed...
         Starting Flush Journal to Persistent Storage...
[[0;32m  OK  [0m] Started Apply Kernel Variables.
[[0;32m  OK  [0m] Started Load/Save Random Seed.
[[0;32m  OK  [0m] Started Flush Journal to Persistent Storage.
[[0;32m  OK  [0m] Started udev Kernel Device Manager.
[[0;32m  OK  [0m] Started udev Coldplug all Devices.
[[0;32m  OK  [0m] Started Dispatch Password Requests to Console Directory Watch.
[[0;32m  OK  [0m] Found device /dev/ttyS0.
[[0;32m  OK  [0m] Started Monitoring of LVM2 mirrors,...ng dmeventd or progress polling.
[[0;32m  OK  [0m] Reached target Local File Systems (Pre).
[[0;32m  OK  [0m] Reached target Local File Systems.
         Starting Tell Plymouth To Write Out Runtime Data...
         Starting Initial cloud-init job (pre-networking)...
         Starting LSB: AppArmor initialization...
         Starting Create Volatile Files and Directories...
         Starting Commit a transient machine-id on disk...
         Starting Set console font and keymap...
[[0;32m  OK  [0m] Listening on Load/Save RF Kill Switch Status /dev/rfkill Watch.
[[0;32m  OK  [0m] Started Tell Plymouth To Write Out Runtime Data.
[[0;32m  OK  [0m] Started Create Volatile Files and Directories.
[[0;32m  OK  [0m] Started Commit a transient machine-id on disk.
         Starting Update UTMP about System Boot/Shutdown...
[[0;32m  OK  [0m] Started Update UTMP about System Boot/Shutdown.
[[0;32m  OK  [0m] Started Initial cloud-init job (pre-networking).
[[0;32m  OK  [0m] Reached target Network (Pre).
[    7.717146] cloud-init[589]: Cloud-init v. 21.1-19-gbad84ad4-0ubuntu1~16.04.2 running 'init-local' at Sun, 05 Feb 2023 15:59:14 +0000. Up 7.21 seconds.
[[0;32m  OK  [0m] Started Set console font and keymap.
[[0;32m  OK  [0m] Created slice system-getty.slice.
[[0;32m  OK  [0m] Started LSB: AppArmor initialization.
         Starting Raise network interfaces...
         Starting Load AppArmor profiles managed internally by snapd...
[[0;32m  OK  [0m] Started Load AppArmor profiles managed internally by snapd.
[[0;32m  OK  [0m] Started Raise network interfaces.
[[0;32m  OK  [0m] Reached target Network.
         Starting Initial cloud-init job (metadata service crawler)...
[   11.166253] cloud-init[956]: Cloud-init v. 21.1-19-gbad84ad4-0ubuntu1~16.04.2 running 'init' at Sun, 05 Feb 2023 15:59:17 +0000. Up 10.47 seconds.
[   11.168642] cloud-init[956]: ci-info: ++++++++++++++++++++++++++++++++++++++Net device info+++++++++++++++++++++++++++++++++++++++
[   11.170749] cloud-init[956]: ci-info: +--------+-------+----------------------------+---------------+--------+-------------------+
[   11.172887] cloud-init[956]: ci-info: | Device |   Up  |          Address           |      Mask     | Scope  |     Hw-Address    |
[   11.174794] cloud-init[956]: ci-info: +--------+-------+----------------------------+---------------+--------+-------------------+
[   11.176592] cloud-init[956]: ci-info: | enp0s3 |  True |         10.0.2.15          | 255.255.255.0 | global | 02:be:82:6b:cc:1d |
[   11.178589] cloud-init[956]: ci-info: | enp0s3 |  True | fe80::be:82ff:fe6b:cc1d/64 |       .       |  link  | 02:be:82:6b:cc:1d |
[   11.180743] cloud-init[956]: ci-info: | enp0s8 | False |             .              |       .       |   .    | 08:00:27:36:35:c5 |
[   11.183048] cloud-init[956]: ci-info: |   lo   |  True |         127.0.0.1          |   255.0.0.0   |  host  |         .         |
[   11.185447] cloud-init[956]: ci-info: |   lo   |  True |          ::1/128           |       .       |  host  |         .         |
[   11.187776] cloud-init[956]: ci-info: +--------+-------+----------------------------+---------------+--------+-------------------+
[   11.190094] cloud-init[956]: ci-info: +++++++++++++++++++++++++++Route IPv4 info++++++++++++++++++++++++++++
[   11.192183] cloud-init[956]: ci-info: +-------+-------------+----------+---------------+-----------+-------+
[   11.194318] cloud-init[956]: ci-info: | Route | Destination | Gateway  |    Genmask    | Interface | Flags |
[   11.196839] cloud-init[956]: ci-info: +-------+-------------+----------+---------------+-----------+-------+
[   11.198818] cloud-init[956]: ci-info: |   0   |   0.0.0.0   | 10.0.2.2 |    0.0.0.0    |   enp0s3  |   UG  |
[   11.200743] cloud-init[956]: ci-info: |   1   |   10.0.2.0  | 0.0.0.0  | 255.255.255.0 |   enp0s3  |   U   |
[   11.202625] cloud-init[956]: ci-info: +-------+-------------+----------+---------------+-----------+-------+
[   11.204441] cloud-init[956]: ci-info: +++++++++++++++++++Route IPv6 info+++++++++++++++++++
[   11.206150] cloud-init[956]: ci-info: +-------+-------------+---------+-----------+-------+
[   11.207841] cloud-init[956]: ci-info: | Route | Destination | Gateway | Interface | Flags |
[   11.209748] cloud-init[956]: ci-info: +-------+-------------+---------+-----------+-------+
[   11.211992] cloud-init[956]: ci-info: |   0   |  fe80::/64  |    ::   |   enp0s3  |   U   |
[   11.213924] cloud-init[956]: ci-info: |   3   |   ff00::/8  |    ::   |   enp0s3  |   U   |
[   11.215779] cloud-init[956]: ci-info: +-------+-------------+---------+-----------+-------+
[   11.218114] cloud-init[956]: Generating public/private rsa key pair.
[   11.219735] cloud-init[956]: Your identification has been saved in /etc/ssh/ssh_host_rsa_key.
[   11.221773] cloud-init[956]: Your public key has been saved in /etc/ssh/ssh_host_rsa_key.pub.
[   11.223806] cloud-init[956]: The key fingerprint is:
[   11.225285] cloud-init[956]: SHA256:EVVJjGfNbyvXaizopGbBIjxFEGXv6gwPFEPzhopXqPM root@ubuntu-xenial
[   11.227230] cloud-init[956]: The key's randomart image is:
[[0;32m  OK  [0m] Started Initial cloud-init job (metadata service crawler).
[[0;32m  OK  [0m] Reached target System Initialization.
[[   11.228672] cloud-init[956]: +---[RSA 2048]----+
[   11.232253] cloud-init[956]: |    =+o ...=o+   |
[   11.232379] cloud-init[956]: |   o =.. .. = o  |
[   11.232541] cloud-init[956]: |  . =.o o  o   . |
[   11.232802] cloud-init[956]: | o o +.. .      o|
[   11.232923] cloud-init[956]: |+ o... .S      .o|
[   11.233047] cloud-init[956]: | + .+ ..o    . o.|
[   11.233170] cloud-init[956]: |  E oo.. ... .o. |
[   11.233292] cloud-init[956]: |     *  oo. . +  |
[   11.233417] cloud-init[956]: |      +o...  o   |
[   11.233571] cloud-init[956]: +----[SHA256]-----+
[   11.233800] cloud-init[956]: Generating public/private dsa key pair.
[   11.233947] cloud-init[956]: Your identification has been saved in /etc/ssh/ssh_host_dsa_key.
[   11.234069] cloud-init[956]: Your public key has been saved in /etc/ssh/ssh_host_dsa_key.pub.
[   11.234193] cloud-init[956]: The key fingerprint is:
[   11.234313] cloud-init[956]: SHA256:8SRp3FPA7GVLzG9MKTLABOLzSP0AprCVvQteWNK5EUg root@ubuntu-xenial
[   11.234821] cloud-init[956]: The key's randomart image is:
[   11.235319] cloud-init[956]: +---[DSA 1024]----+
[   11.235853] cloud-init[956]: |..E==o.+o+.+.  . |
[   11.236544] cloud-init[956]: | +++*+ ..o=.B o  |
[   11.237041] cloud-init[956]: |. .+++o *.+* *   |
[   11.237598] cloud-init[956]: |  o.++ + =... +  |
[   11.238098] cloud-init[956]: | . o... S .  .   |
[   11.238633] cloud-init[956]: |  . .            |
[   11.239128] cloud-init[956]: |                 |
[   11.239670] cloud-init[956]: |                 |
[   11.240349] cloud-init[956]: |                 |
[   11.240866] cloud-init[956]: +----[SHA256]-----+
[   11.241402] cloud-init[956]: Generating public/private ecdsa key pair.
[   11.241901] cloud-init[956]: Your identification has been saved in /etc/ssh/ssh_host_ecdsa_key.
[   11.242448] cloud-init[956]: Your public key has been saved in /etc/ssh/ssh_host_ecdsa_key.pub.
[   11.242943] cloud-init[956]: The key fingerprint is:
[   11.243493] cloud-init[956]: SHA256:EfhxgE9CiWbk+AJOT2V3PRZXE6mYNzI68oUcBhEyhAk root@ubuntu-xenial
[   11.243993] cloud-init[956]: The key's randomart image is:
[   11.244524] cloud-init[956]: +---[ECDSA 256]---+
[   11.245022] cloud-init[956]: | E..=O.B=o.....+o|
[   11.245552] cloud-init[956]: |   =* O.+..+.  ..|
[   11.246050] cloud-init[956]: |...+.  =oo. + .  |
[   11.246579] cloud-init[956]: |o.o.    o+ = +   |
[   11.247077] cloud-init[956]: | ....   S + + .  |
[   11.247615] cloud-init[956]: |   .   . = .     |
[   11.248327] cloud-init[956]: |        o o      |
[   11.248823] cloud-init[956]: |         .       |
[   11.249381] cloud-init[956]: |                 |
[   11.249877] cloud-init[956]: +----[SHA256]-----+
[   11.250609] cloud-init[956]: Generating public/private ed25519 key pair.
[   11.251150] cloud-init[956]: Your identification has been saved in /etc/ssh/ssh_host_ed25519_key.
[   11.251671] cloud-init[956]: Your public key has been saved in /etc/ssh/ssh_host_ed25519_key.pub.
[   11.252370] cloud-init[956]: The key fingerprint is:
[   11.252868] cloud-init[956]: SHA256:PVLQTV+fmPyriNeJU3diwWho4v4a+qEYqG69O4pQBNo root@ubuntu-xenial
[   11.253423] cloud-init[956]: The key's randomart image is:
[   11.253921] cloud-init[956]: +--[ED25519 256]--+
[   11.254450] cloud-init[956]: |.       .. o.   .|
[   11.254951] cloud-init[956]: |.o       .. o.o.o|
[   11.255745] cloud-init[956]: |. E       .. *...|
[   11.256421] cloud-init[956]: | .      .oo o +  |
[   11.256917] cloud-init[956]: |  .    .Soo.   o |
[   11.257659] cloud-init[956]: | . .    .. . .o.o|
[   11.258383] cloud-init[956]: |. o .  .o   +.oo.|
[   11.258765] cloud-init[956]: |oo o o o.o.+.o.  |
[   11.259174] cloud-init[956]: |=o.o= o.o+o...   |
[   11.259460] cloud-init[956]: +----[SHA256]-----+
[0;32m  OK  [0m] Listening on ACPID Listen Socket.
[[0;32m  OK  [0m] Started Message of the Day.
[[0;32m  OK  [0m] Started ACPI Events Check.
[[0;32m  OK  [0m] Reached target Paths.
[[0;32m  OK  [0m] Listening on D-Bus System Message Bus Socket.
[[0;32m  OK  [0m] Started Daily Cleanup of Temporary Directories.
[[0;32m  OK  [0m] Listening on UUID daemon activation socket.
         Starting Socket activation for snappy daemon.
[[0;32m  OK  [0m] Started Daily apt download activities.
[[0;32m  OK  [0m] Started Daily apt upgrade and clean activities.
[[0;32m  OK  [0m] Started Ubuntu Advantage update messaging.
[[0;32m  OK  [0m] Reached target Timers.
         Starting LXD - unix socket.
[[0;32m  OK  [0m] Reached target Network is Online.
         Starting iSCSI initiator daemon (iscsid)...
[[0;32m  OK  [0m] Reached target Cloud-config availability.
[[0;32m  OK  [0m] Listening on Socket activation for snappy daemon.
[[0;32m  OK  [0m] Listening on LXD - unix socket.
[[0;32m  OK  [0m] Reached target Sockets.
[[0;32m  OK  [0m] Reached target Basic System.
         Starting Virtualbox guest utils...
         Starting Accounts Service...
         Starting LXD - container startup/shutdown...
         Starting LSB: MD monitoring daemon...
[[0;32m  OK  [0m] Started Deferred execution scheduler.
[[0;32m  OK  [0m] Started Regular background program processing daemon.
         Starting Login Service...
         Starting Pollinate to seed the pseudo random number generator...
         Starting System Logging Service...
[[0;32m  OK  [0m] Started FUSE filesystem for LXC.
[[0;32m  OK  [0m] Started D-Bus System Message Bus.
         Starting LSB: Record successful boot for GRUB...
         Starting /etc/rc.local Compatibility...
[[0;32m  OK  [0m] Started ACPI event daemon.
         Starting Snap Daemon...
[[0;32m  OK  [0m] Started System Logging Service.
[[0;32m  OK  [0m] Started /etc/rc.local Compatibility.
[[0;32m  OK  [0m] Started iSCSI initiator daemon (iscsid).
         Starting Authenticate and Authorize Users to Run Privileged Tasks...
         Starting Login to default iSCSI targets...
[[0;32m  OK  [0m] Started Login Service.
[[0;32m  OK  [0m] Started Unattended Upgrades Shutdown.
[[0;32m  OK  [0m] Started Login to default iSCSI targets.
[[0;32m  OK  [0m] Reached target Remote File Systems (Pre).
[[0;32m  OK  [0m] Reached target Remote File Systems.
         Starting LSB: Set the CPU Frequency Scaling governor to "ondemand"...
         Starting LSB: automatic crash report generation...
         Starting Permit User Sessions...
         Starting LSB: daemon to balance interrupts for SMP systems...
[[0;32m  OK  [0m] Started LSB: MD monitoring daemon.
[[0;32m  OK  [0m] Started Permit User Sessions.
         Starting Hold until boot process finishes up...
         Starting Terminate Plymouth Boot Screen...
[[0;32m  OK  [0m] Started Hold until boot process finishes up.
[[0;32m  OK  [0m] Started Authenticate and Authorize Users to Run Privileged Tasks.
[[0;32m  OK  [0m] Started LSB: Record successful boot for GRUB.
[[0;32m  OK  [0m] Started LXD - container startup/shutdown.
[[0;32m  OK  [0m] Started Terminate Plymouth Boot Screen.
[[0;32m  OK  [0m] Started Accounts Service.
         Starting Set console scheme...
[[0;32m  OK  [0m] Started Getty on tty1.
[[0;32m  OK  [0m] Started Serial Getty on ttyS0.
[[0;32m  OK  [0m] Reached target Login Prompts.
[[0;32m  OK  [0m] Started Set console scheme.
[[0;32m  OK  [0m] Started LSB: Set the CPU Frequency Scaling governor to "ondemand".
[[0;32m  OK  [0m] Started LSB: automatic crash report generation.
[[0;32m  OK  [0m] Started LSB: daemon to balance interrupts for SMP systems.
[[0;32m  OK  [0m] Started Virtualbox guest utils.
[[0;32m  OK  [0m] Started Snap Daemon.
         Starting Wait until snapd is fully seeded...
[[0;32m  OK  [0m] Started Pollinate to seed the pseudo random number generator.
         Starting OpenBSD Secure Shell server...
[[0;32m  OK  [0m] Started OpenBSD Secure Shell server.
[[0;32m  OK  [0m] Created slice User Slice of vagrant.
         Starting User Manager for UID 1000...
[[0;32m  OK  [0m] Started Session 1 of user vagrant.
[[0;32m  OK  [0m] Started User Manager for UID 1000.
[[0;32m  OK  [0m] Started Wait until snapd is fully seeded.
[[0;32m  OK  [0m] Reached target Multi-User System.
[[0;32m  OK  [0m] Reached target Graphical Interface.
         Starting Update UTMP about System Runlevel Changes...
         Starting Apply the settings specified in cloud-config...
[[0;32m  OK  [0m] Started Update UTMP about System Runlevel Changes.
[   15.415617] cloud-init[1478]: Generating locales (this might take a while)...
         Stopping User Manager for UID 1000...
[[0;32m  OK  [0m] Stopped User Manager for UID 1000.
[[0;32m  OK  [0m] Removed slice User Slice of vagrant.
[[0;32m  OK  [0m] Created slice User Slice of vagrant.
         Starting User Manager for UID 1000...
[[0;32m  OK  [0m] Started Session 2 of user vagrant.
[[0;32m  OK  [0m] Started User Manager for UID 1000.
[   17.587384] cloud-init[1478]:   en_US.UTF-8... done
[   17.588442] cloud-init[1478]: Generation complete.

Ubuntu 16.04.7 LTS ubuntu-xenial ttyS0

ubuntu-xenial login: [   18.154739] cloud-init[1478]: Cloud-init v. 21.1-19-gbad84ad4-0ubuntu1~16.04.2 running 'modules:config' at Sun, 05 Feb 2023 15:59:22 +0000. Up 15.20 seconds.
ci-info: no authorized SSH keys fingerprints found for user ubuntu.
<14>Feb  5 15:59:26 ec2: 
<14>Feb  5 15:59:26 ec2: #############################################################
<14>Feb  5 15:59:26 ec2: -----BEGIN SSH HOST KEY FINGERPRINTS-----
<14>Feb  5 15:59:26 ec2: 1024 SHA256:8SRp3FPA7GVLzG9MKTLABOLzSP0AprCVvQteWNK5EUg root@ubuntu-xenial (DSA)
<14>Feb  5 15:59:26 ec2: 256 SHA256:EfhxgE9CiWbk+AJOT2V3PRZXE6mYNzI68oUcBhEyhAk root@ubuntu-xenial (ECDSA)
<14>Feb  5 15:59:26 ec2: 256 SHA256:PVLQTV+fmPyriNeJU3diwWho4v4a+qEYqG69O4pQBNo root@ubuntu-xenial (ED25519)
<14>Feb  5 15:59:26 ec2: 2048 SHA256:EVVJjGfNbyvXaizopGbBIjxFEGXv6gwPFEPzhopXqPM root@ubuntu-xenial (RSA)
<14>Feb  5 15:59:26 ec2: -----END SSH HOST KEY FINGERPRINTS-----
<14>Feb  5 15:59:26 ec2: #############################################################
-----BEGIN SSH HOST KEY KEYS-----
ecdsa-sha2-nistp256 AAAAE2VjZHNhLXNoYTItbmlzdHAyNTYAAAAIbmlzdHAyNTYAAABBBGJ3nVKJPqG0PetIzifcNN23wu/TsgbDF3K9wsxZKyYIi1xXOXEYg1qlXDHQ1Z55y2g9/esPwK2venU6/eBeL/M= root@ubuntu-xenial
ssh-ed25519 AAAAC3NzaC1lZDI1NTE5AAAAIK6q0fjsK1TONUWgy9dE57QD8VFeQbj8IFbxeYG+uG+d root@ubuntu-xenial
ssh-rsa AAAAB3NzaC1yc2EAAAADAQABAAABAQCye59F491wQWvwT7zknLqpVw7fqZI39PsCtFfi0u7mi3388DH92hYyHlOgdn6FU4gqZjQvdhp5piWLS0gAWsg7m+Up4C2Pvkji7/QyBy74Ren0IYLZdgloi5chmtpz43L977JhB+HzW0LtEG0QvyUi/yppnQU03T5u/FdqVI4TTGkKW6UlE341XF0msgjPzSoA6JExRTx9mCjsQI0Kk94FTAvsjAEDDxB91yHndIUOY/WYXhZZZy+jyNGYTRjzx5CNRz8NZdjQGYBQTEuvSfYGbfh1jX6bJZefRobp/vjHTY1Aez1jHsUQ6+2vDFY1tims9Vuw/zDXgMeYjF8d315d root@ubuntu-xenial
-----END SSH HOST KEY KEYS-----
[   19.099948] cloud-init[1796]: Cloud-init v. 21.1-19-gbad84ad4-0ubuntu1~16.04.2 running 'modules:final' at Sun, 05 Feb 2023 15:59:26 +0000. Up 18.79 seconds.
[   19.100322] cloud-init[1796]: ci-info: no authorized SSH keys fingerprints found for user ubuntu.
[   19.100927] cloud-init[1796]: Cloud-init v. 21.1-19-gbad84ad4-0ubuntu1~16.04.2 finished at Sun, 05 Feb 2023 15:59:26 +0000. Datasource DataSourceNoCloud [seed=/dev/sdb][dsmode=net].  Up 19.08 seconds
